// Jest Snapshot v1, https://goo.gl/fbAQLP

exports[`matches snapshot 1`] = `
<NewTodoForm>
  <form
    onSubmit={[Function]}
  >
    <label
      htmlFor="text"
    >
      Todo
    </label>
    <input
      id="text"
      name="text"
      onChange={[Function]}
      value=""
    />
    <button>
      Create Todo
    </button>
  </form>
</NewTodoForm>
`;
