// Jest Snapshot v1, https://goo.gl/fbAQLP

exports[`matches snapshot 1`] = `
<Todo
  text="need to test"
>
  <li>
    <p>
      need to test
    </p>
    <button>
      X
    </button>
  </li>
</Todo>
`;
